// Jest Snapshot v1, https://goo.gl/fbAQLP

exports[`class AddGreeter extends _react.Component {

	constructor(props) {
		super(props);
		this.state = { greetingName: '' };
		this.handleUpdate = this.handleUpdate.bind(this);
		this.addGreeting = this.addGreeting.bind(this);
	}

	handleUpdate(event) {
		this.setState({ greetingName: event.target.value });
	}

	addGreeting() {
		this.props.addGreeting(this.state.greetingName);
		this.setState({ greetingName: '' });
	}

	render() {
		return (
			_react2.default.createElement('div', { className: 'AddGreeter', __source: { fileName: _jsxFileName, lineNumber: 24 }, __self: this },
				_react2.default.createElement('input', { type: 'text', onChange: this.handleUpdate, value: this.state.greetingName, __source: { fileName: _jsxFileName, lineNumber: 25 }, __self: this }), '\\xA0\\xA0',

				_react2.default.createElement('button', { onClick: this.addGreeting, __source: { fileName: _jsxFileName, lineNumber: 27 }, __self: this }, 'Add')));


	}} renders and matches our snapshot 1`] = `
<div
  className="AddGreeter"
>
  <input
    onChange={[Function]}
    type="text"
    value=""
  />
    
  <button
    onClick={[Function]}
  >
    Add
  </button>
</div>
`;

exports[`class HelloWorld extends _react.Component {

	constructor(props) {
		super(props);
		this.state = { greeting: 'Hello' };
		this.frenchify = this.frenchify.bind(this);
		this.removeGreeting = this.removeGreeting.bind(this);
	}

	frenchify() {
		this.setState({ greeting: 'Bonjour' });
	}

	removeGreeting() {
		this.props.removeGreeting(this.props.name);
	}

	render() {
		return (
			_react2.default.createElement('div', { className: 'HelloWorld', __source: { fileName: _jsxFileName, lineNumber: 24 }, __self: this },
				this.state.greeting, ' ', this.props.name, '!',
				_react2.default.createElement('br', { __source: { fileName: _jsxFileName, lineNumber: 26 }, __self: this }),
				_react2.default.createElement('button', { className: 'frenchify', onClick: this.frenchify, __source: { fileName: _jsxFileName, lineNumber: 27 }, __self: this }, 'Frenchify!'),
				_react2.default.createElement('br', { __source: { fileName: _jsxFileName, lineNumber: 28 }, __self: this }),
				_react2.default.createElement('button', { className: 'remove', onClick: this.removeGreeting, __source: { fileName: _jsxFileName, lineNumber: 29 }, __self: this }, 'Remove Me!')));


	}} renders and matches our snapshot 1`] = `
<div
  className="HelloWorld"
>
  Hello
   
  Person
  !
  <br />
  <button
    className="frenchify"
    onClick={[Function]}
  >
    Frenchify!
  </button>
  <br />
  <button
    className="remove"
    onClick={[Function]}
  >
    Remove Me!
  </button>
</div>
`;

exports[`class HelloWorldList extends _react.Component {

	constructor(props) {
		super(props);
		this.state = { greetings: ['Jim', 'Sally', 'Bender'] };
		this.addGreeting = this.addGreeting.bind(this);
		this.removeGreeting = this.removeGreeting.bind(this);
	}

	renderGreetings() {
		return this.state.greetings.map(name =>
		_react2.default.createElement(_HelloWorld2.default, { key: name, name: name, removeGreeting: this.removeGreeting, __source: { fileName: _jsxFileName, lineNumber: 18 }, __self: this }));

	}

	addGreeting(newName) {
		this.setState({ greetings: [...this.state.greetings, newName] });
	}

	removeGreeting(removeName) {
		const filteredGreetings = this.state.greetings.filter(name =>
		name !== removeName);

		this.setState({ greetings: filteredGreetings });
	}

	render() {
		return (
			_react2.default.createElement('div', { className: 'HelloWorldList', __source: { fileName: _jsxFileName, lineNumber: 35 }, __self: this },
				_react2.default.createElement(_AddGreeter2.default, { addGreeting: this.addGreeting, __source: { fileName: _jsxFileName, lineNumber: 36 }, __self: this }),
				this.renderGreetings()));


	}} renders and matches our snapshot 1`] = `
<div
  className="HelloWorldList"
>
  <div
    className="AddGreeter"
  >
    <input
      onChange={[Function]}
      type="text"
      value=""
    />
      
    <button
      onClick={[Function]}
    >
      Add
    </button>
  </div>
  <div
    className="HelloWorld"
  >
    Hello
     
    Jim
    !
    <br />
    <button
      className="frenchify"
      onClick={[Function]}
    >
      Frenchify!
    </button>
    <br />
    <button
      className="remove"
      onClick={[Function]}
    >
      Remove Me!
    </button>
  </div>
  <div
    className="HelloWorld"
  >
    Hello
     
    Sally
    !
    <br />
    <button
      className="frenchify"
      onClick={[Function]}
    >
      Frenchify!
    </button>
    <br />
    <button
      className="remove"
      onClick={[Function]}
    >
      Remove Me!
    </button>
  </div>
  <div
    className="HelloWorld"
  >
    Hello
     
    Bender
    !
    <br />
    <button
      className="frenchify"
      onClick={[Function]}
    >
      Frenchify!
    </button>
    <br />
    <button
      className="remove"
      onClick={[Function]}
    >
      Remove Me!
    </button>
  </div>
</div>
`;
